<?xml version="1.0" encoding="UTF-8"?>
<testsuites name="Unit Tests" tests="3" failures="0" errors="0" time="1.842">
  <testsuite name="Tasks Store" errors="0" failures="0" skipped="0" timestamp="2021-06-18T01:05:34" time="1.294" tests="3">
    <testcase classname="Tasks Store Should be able to add a new task" name="Tasks Store Should be able to add a new task" time="0.002">
    </testcase>
    <testcase classname="Tasks Store Should be able to complete a task" name="Tasks Store Should be able to complete a task" time="0.001">
    </testcase>
    <testcase classname="Tasks Store Should be able to remove a task" name="Tasks Store Should be able to remove a task" time="0.001">
    </testcase>
  </testsuite>
</testsuites>